== инструменты
go version go1.25.1 linux/amd64
openjdk version "17.0.20.1" 2026-08-18
== ядро sing-box v1.14.1 (патч Reality/MLKEM)
Note: switching to '1ac1a339cb1223e9c70eae14c44411c75033c02d'.

You are in 'detached HEAD' state. You can look around, make experimental
changes and commit them, and you can discard any commits you make in this
state without impacting any branches by switching back to a branch.

If you want to create a new branch to retain commits you create, you may
do so (now or later) by using -c with the switch command. Example:

  git switch -c <new-branch-name>

Or undo this operation with:

  git switch -

Turn off this advice by setting config variable advice.detachedHead to false

патч наложен: sing-box/common/tls/reality_client.go
патч наложен: sing-box/cmd/internal/build_libbox/main.go
go: downloading github.com/sagernet/gomobile v0.1.13
go: downloading go1.25.5 (linux/amd64)
go: downloading golang.org/x/mod v0.27.0
go: downloading golang.org/x/sync v0.16.0
go: downloading golang.org/x/tools v0.36.0
go: downloading github.com/mattn/go-runewidth v0.0.27
go: downloading github.com/gofrs/uuid/v5 v5.5.1
go: downloading github.com/oschwald/maxminddb-golang v1.13.1
go: downloading github.com/sagernet/quic-go v0.61.0-sing-box-mod.7
go: downloading github.com/sagernet/sing v0.9.4
go: downloading github.com/spf13/cobra v1.10.2
go: downloading golang.org/x/term v0.45.0
go: downloading golang.org/x/sys v0.47.0
go: downloading golang.zx2c4.com/wireguard/wgctrl v0.0.0-20241231184526-a9ab2273dd10
go: downloading google.golang.org/grpc v1.79.1
go: downloading google.golang.org/protobuf v1.36.11
go: downloading github.com/clipperhouse/uax29/v2 v2.2.0
go: downloading github.com/go-chi/chi/v5 v5.2.5
go: downloading github.com/miekg/dns v1.1.72
go: downloading github.com/sagernet/sing-tun v0.9.3
go: downloading go4.org/netipx v0.0.0-20231129151722-fdeea329fbba
go: downloading github.com/sagernet/netlink v0.0.0-20260814022025-64455d367bbf
go: downloading github.com/vishvananda/netns v0.0.5
go: downloading github.com/sagernet/sing-quic v0.7.0
go: downloading github.com/metacubex/utls v1.8.7
go: downloading github.com/sagernet/fswatch v0.1.2
go: downloading go.uber.org/zap v1.27.1
go: downloading golang.org/x/crypto v0.54.0
go: downloading golang.org/x/net v0.57.0
go: downloading golang.org/x/mod v0.37.0
go: downloading github.com/logrusorgru/aurora v2.0.3+incompatible
go: downloading github.com/quic-go/qpack v0.6.0
go: downloading github.com/spf13/pflag v1.0.10
go: downloading google.golang.org/genproto/googleapis/rpc v0.0.0-20251202230838-ff82c1b0f217
go: downloading github.com/database64128/tfo-go/v2 v2.3.2
go: downloading github.com/sagernet/bbolt v0.0.0-20260823094646-e24805439c9c
go: downloading github.com/jsimonetti/rtnetlink v1.4.1
go: downloading github.com/mdlayher/netlink v1.11.2
go: downloading github.com/sagernet/sing-mux v0.3.6
go: downloading github.com/sagernet/sing-vmess v0.2.8
go: downloading golang.org/x/exp v0.0.0-20260410095643-746e56fc9e2f
go: downloading github.com/google/btree v1.1.3
go: downloading github.com/florianl/go-nfqueue/v2 v2.1.0
go: downloading github.com/sagernet/gvisor v0.0.0-20260727.0-sing-box-mod.1
go: downloading github.com/sagernet/nftables v0.3.0-mod.4
go: downloading github.com/fsnotify/fsnotify v1.9.0
go: downloading go.uber.org/multierr v1.11.0
go: downloading github.com/andybalholm/brotli v1.1.0
go: downloading github.com/klauspost/compress v1.19.1
go: downloading golang.org/x/text v0.40.0
go: downloading golang.org/x/sync v0.22.0
go: downloading github.com/godbus/dbus/v5 v5.2.2
go: downloading github.com/anytls/sing-anytls v0.0.11
go: downloading github.com/go-chi/render v1.0.3
go: downloading github.com/sagernet/cors v1.2.1
go: downloading github.com/sagernet/ws v0.0.0-20231204124109-acfe8907c854
go: downloading github.com/sagernet/sing-shadowsocks v0.2.8
go: downloading github.com/sagernet/sing-shadowsocks2 v0.2.1
go: downloading github.com/sagernet/sing-shadowtls v0.2.1
go: downloading github.com/sagernet/sing-snell v0.0.0-20260829071736-20f2eaec77c3
go: downloading github.com/cretz/bine v0.2.0
go: downloading github.com/coder/websocket v1.8.14
go: downloading github.com/caddyserver/certmagic v0.25.3-0.20260421143802-60d9d8b415d6
go: downloading github.com/database64128/netx-go v0.1.1
go: downloading github.com/mdlayher/socket v0.6.0
go: downloading github.com/hashicorp/yamux v0.1.2
go: downloading github.com/sagernet/smux v1.5.50-sing-box-mod.1
go: downloading golang.org/x/time v0.15.0
go: downloading github.com/ajg/form v1.5.1
go: downloading github.com/gobwas/httphead v0.1.0
go: downloading github.com/gobwas/pool v0.2.1
go: downloading github.com/libp2p/go-nat v1.0.1-0.20250821073202-01afc089f138
go: downloading lukechampine.com/blake3 v1.3.0
go: downloading github.com/sagernet/wireguard-go v0.0.6
go: downloading github.com/klauspost/cpuid/v2 v2.3.0
go: downloading github.com/libdns/libdns v1.1.1
go: downloading github.com/caddyserver/zerossl v0.1.5
go: downloading github.com/mholt/acmez/v3 v3.1.6
go: downloading github.com/zeebo/blake3 v0.2.4
go: downloading go.uber.org/zap/exp v0.3.0
go: downloading github.com/huin/goupnp v1.3.0
go: downloading github.com/jackpal/go-nat-pmp v1.0.2
go: downloading github.com/libp2p/go-netroute v0.2.1
go: downloading github.com/koron/go-ssdp v0.0.4
go: downloading github.com/google/gopacket v1.1.19
go: downloading github.com/sagernet/gomobile v0.1.12
internal/unsafeheader
internal/byteorder
internal/goarch
internal/cpu
internal/coverage/rtcov
internal/abi
internal/godebugs
internal/goexperiment
internal/goos
internal/bytealg
internal/profilerecord
internal/chacha8rand
internal/runtime/atomic
internal/runtime/math
internal/runtime/strconv
internal/runtime/syscall
internal/runtime/gc
internal/runtime/exithook
internal/runtime/cgroup
internal/asan
internal/msan
internal/runtime/sys
internal/stringslite
internal/trace/tracev2
cmp
internal/itoa
math/bits
unicode/utf8
sync/atomic
unicode
math
unicode/utf16
internal/race
internal/synctest
internal/runtime/maps
internal/sync
crypto/internal/fips140/alias
crypto/internal/fips140deps/byteorder
crypto/internal/fips140deps/cpu
crypto/internal/fips140/subtle
crypto/internal/boring/sig
container/list
vendor/golang.org/x/crypto/cryptobyte/asn1
vendor/golang.org/x/crypto/internal/alias
internal/nettrace
runtime
encoding
golang.org/x/crypto/internal/alias
filippo.io/hpke/internal/byteorder
log/internal
golang.org/x/net/internal/iana
github.com/sagernet/sing-tun/gtcpip/seqnum
github.com/sagernet/sing/common/debug
github.com/sagernet/sing-box/constant/goos
github.com/sagernet/sing/common/x/collections
github.com/sagernet/gvisor/pkg/gohacks
golang.org/x/exp/constraints
github.com/sagernet/gvisor/pkg/tcpip/seqnum
github.com/sagernet/gvisor/pkg/bits
github.com/sagernet/sing/common/abx/internal
github.com/sagernet/sing/common/x/constraints
github.com/klauspost/compress
github.com/klauspost/compress/internal/le
github.com/metacubex/utls/dicttls
github.com/metacubex/utls/internal/byteorder
github.com/metacubex/utls/internal/cpu
github.com/metacubex/utls/internal/fips140tls
golang.org/x/crypto/cryptobyte/asn1
github.com/sagernet/quic-go/internal/utils/ringbuffer
log/slog/internal
google.golang.org/protobuf/internal/flags
google.golang.org/grpc/serviceconfig
google.golang.org/protobuf/internal/set
google.golang.org/grpc/encoding/internal
github.com/gobwas/pool/internal/pmath
github.com/coder/websocket/internal/util
github.com/sagernet/tailscale/util/mak
github.com/sagernet/tailscale/feature/buildfeatures
github.com/sagernet/tailscale/util/nocasemaps
github.com/sagernet/tailscale/internal/godown/std/errors
github.com/sagernet/tailscale/types/structs
github.com/sagernet/tailscale/types/tkatype
golang.org/x/crypto/salsa20/salsa
github.com/sagernet/tailscale/types/result
github.com/golang/groupcache/lru
github.com/gaissmai/bart/internal/art
github.com/gaissmai/bart/internal/bitset
github.com/sagernet/tailscale/util/syspolicy/pkey
github.com/sagernet/tailscale/util/syspolicy/ptype
github.com/gaissmai/bart/internal/lpm
github.com/gaissmai/bart/internal/allot
github.com/gaissmai/bart/internal/sparse
github.com/sagernet/tailscale/util/httpm
github.com/sagernet/tailscale/types/empty
github.com/sagernet/tailscale/control/controlhttp/controlhttpcommon
github.com/sagernet/tailscale/derp/derpconst
github.com/sagernet/tailscale/util/truncate
github.com/sagernet/tailscale/util/must
github.com/sagernet/wireguard-go/replay
github.com/sagernet/tailscale/util/checkchange
github.com/sagernet/tailscale/health/healthmsg
github.com/sagernet/tailscale/util/racebuild
github.com/sagernet/tailscale/net/netkernelconf
github.com/sagernet/tailscale/types/bools
github.com/sagernet/tailscale/util/osdiag
crypto/subtle
iter
sync
internal/reflectlite
slices
weak
maps
golang.org/x/exp/slices
runtime/metrics
golang.org/x/exp/maps
github.com/sagernet/tailscale/types/mapx
errors
sort
internal/testlog
internal/bisect
strconv
io
internal/oserror
path
internal/godebug
syscall
reflect
runtime/cgo
bytes
strings
time
internal/syscall/unix
internal/syscall/execenv
bufio
hash
hash/crc32
crypto
crypto/internal/fips140deps/godebug
crypto/internal/fips140
crypto/internal/impl
crypto/internal/fips140/sha256
crypto/internal/fips140/sha3
io/fs
internal/fmtsort
internal/poll
encoding/binary
internal/filepathlite
context
github.com/sagernet/gomobile/internal/mobileinit
os
crypto/internal/fips140/sha512
crypto/internal/fips140/hmac
math/rand/v2
crypto/internal/fips140/check
crypto/internal/fips140/aes
crypto/internal/randutil
math/rand
crypto/internal/fips140/nistec/fiat
crypto/internal/fips140/edwards25519/field
crypto/internal/fips140/bigmod
fmt
path/filepath
github.com/sagernet/gomobile/bind/java
crypto/internal/sysrand
crypto/internal/fips140/nistec
crypto/internal/entropy
crypto/internal/fips140/drbg
crypto/internal/fips140/aes/gcm
github.com/sagernet/gomobile/bind/seq
compress/flate
crypto/internal/fips140only
crypto/cipher
crypto/internal/boring
math/big
archive/zip
compress/gzip
crypto/sha256
crypto/aes
crypto/des
crypto/internal/fips140cache
crypto/sha3
crypto/internal/fips140/ecdh
crypto/internal/fips140/ecdsa
crypto/ecdh
crypto/internal/fips140hash
crypto/sha512
internal/saferio
crypto/internal/fips140/edwards25519
crypto/internal/fips140/hkdf
crypto/hmac
crypto/hkdf
crypto/internal/fips140/mlkem
crypto/internal/fips140/tls12
crypto/rand
crypto/elliptic
crypto/internal/boring/bbig
encoding/asn1
crypto/internal/fips140/ed25519
crypto/internal/fips140/tls13
crypto/ed25519
vendor/golang.org/x/crypto/chacha20
vendor/golang.org/x/crypto/internal/poly1305
crypto/md5
vendor/golang.org/x/crypto/chacha20poly1305
crypto/rc4
vendor/golang.org/x/crypto/cryptobyte
crypto/internal/fips140/rsa
crypto/sha1
crypto/internal/hpke
crypto/fips140
crypto/dsa
crypto/tls/internal/fips140tls
encoding/hex
crypto/ecdsa
encoding/base64
crypto/rsa
crypto/x509/pkix
encoding/pem
vendor/golang.org/x/net/dns/dnsmessage
internal/singleflight
unique
hash/adler32
compress/zlib
debug/dwarf
net/netip
internal/zstd
debug/plan9obj
runtime/debug
encoding/json
filippo.io/age/internal/bech32
filippo.io/age/internal/format
net/url
net
debug/elf
debug/macho
debug/pe
internal/xcoff
golang.org/x/crypto/chacha20
debug/buildinfo
golang.org/x/crypto/internal/poly1305
crypto/mlkem
golang.org/x/crypto/chacha20poly1305
filippo.io/hpke/crypto/ecdh
filippo.io/hpke/crypto
golang.org/x/crypto/curve25519
filippo.io/age/internal/stream
filippo.io/hpke
golang.org/x/crypto/hkdf
crypto/internal/fips140/pbkdf2
regexp/syntax
crypto/pbkdf2
golang.org/x/crypto/pbkdf2
golang.org/x/crypto/scrypt
github.com/mdlayher/netlink/nlenc
golang.org/x/net/bpf
golang.org/x/sync/errgroup
golang.org/x/sys/unix
log
regexp
encoding/base32
vendor/golang.org/x/text/transform
vendor/golang.org/x/text/unicode/bidi
filippo.io/age
vendor/golang.org/x/text/secure/bidirule
vendor/golang.org/x/text/unicode/norm
vendor/golang.org/x/net/http2/hpack
mime
mime/quotedprintable
vendor/golang.org/x/net/idna
net/http/internal
github.com/mdlayher/socket
net/http/internal/ascii
github.com/sagernet/sing-tun/gtcpip/checksum
github.com/google/btree
github.com/sagernet/sing/common/binary
github.com/logrusorgru/aurora
github.com/sagernet/sing/common/json/internal/contextjson
github.com/sagernet/sing/common/json/badoption/internal/my_time
github.com/sagernet/sing/common/logger
github.com/sagernet/sing/common/observable
container/heap
encoding/xml
github.com/florianl/go-nfqueue/v2/internal/unix
github.com/fsnotify/fsnotify/internal
github.com/fsnotify/fsnotify
crypto/x509
github.com/mdlayher/netlink
golang.org/x/net/internal/socket
net/textproto
vendor/golang.org/x/net/http/httpguts
golang.org/x/net/ipv4
golang.org/x/net/ipv6
vendor/golang.org/x/net/http/httpproxy
mime/multipart
crypto/tls
github.com/sagernet/sing-tun/gtcpip
github.com/sagernet/sing/common
github.com/sagernet/sing-tun/gtcpip/header
github.com/sagernet/sing/common/format
github.com/sagernet/sing/common/x/list
github.com/sagernet/sing/common/x/linkedhashmap
github.com/sagernet/sing/common/auth
github.com/sagernet/sing/service
go4.org/netipx
github.com/florianl/go-nfqueue/v2
github.com/sagernet/gvisor/pkg/sync
golang.org/x/time/rate
github.com/sagernet/gvisor/pkg/linewriter
github.com/sagernet/gvisor/pkg/state/wire
golang.org/x/sys/cpu
github.com/sagernet/gvisor/pkg/log
github.com/sagernet/gvisor/pkg/state
github.com/sagernet/gvisor/pkg/tcpip/checksum
github.com/sagernet/gvisor/pkg/rawfile
github.com/sagernet/gvisor/pkg/rand
github.com/sagernet/gvisor/pkg/sync/locking
github.com/sagernet/gvisor/pkg/tcpip/hash/jenkins
github.com/vishvananda/netns
io/ioutil
github.com/mdlayher/netlink/nltest
github.com/sagernet/netlink/nl
github.com/sagernet/nftables/binaryutil
github.com/sagernet/nftables/internal/parseexprfunc
github.com/sagernet/gvisor/pkg/cpuid
github.com/sagernet/gvisor/pkg/waiter
github.com/sagernet/gvisor/pkg/context
github.com/sagernet/gvisor/pkg/sleep
github.com/sagernet/gvisor/pkg/atomicbitops
github.com/sagernet/gvisor/pkg/tcpip/link/stopfd
github.com/sagernet/netlink
github.com/sagernet/gvisor/pkg/refs
github.com/sagernet/nftables/alignedbuff
github.com/miekg/dns
net/http/httptrace
github.com/sagernet/gvisor/pkg/buffer
net/http/internal/httpcommon
net/http
github.com/sagernet/gvisor/pkg/tcpip
github.com/sagernet/gvisor/pkg/tcpip/header
github.com/sagernet/gvisor/pkg/tcpip/internal/tcp
github.com/sagernet/gvisor/pkg/tcpip/ports
github.com/sagernet/gvisor/pkg/tcpip/transport/tcpconntrack
github.com/sagernet/gvisor/pkg/tcpip/transport
github.com/sagernet/gvisor/pkg/tcpip/stack
github.com/sagernet/gvisor/pkg/tcpip/network/hash
github.com/sagernet/nftables/xt
github.com/sagernet/nftables/userdata
github.com/sagernet/sing/common/memory
github.com/sagernet/sing/common/ranges
github.com/sagernet/nftables/expr
os/exec
github.com/sagernet/sing/contrab/freelru
github.com/sagernet/nftables
github.com/sagernet/sing/contrab/maphash
github.com/sagernet/sing-box/common/taskmonitor
github.com/sagernet/sing-box/common/jni
github.com/go-chi/chi/v5
github.com/sagernet/sing/common/exceptions
github.com/database64128/netx-go
github.com/sagernet/sing/common/buf
github.com/sagernet/sing/common/task
github.com/sagernet/sing/common/json
github.com/sagernet/sing/common/metadata
github.com/sagernet/fswatch
github.com/sagernet/sing/common/byteformats
github.com/sagernet/sing/common/json/badjson
github.com/sagernet/sing/common/json/badoption
github.com/sagernet/sing/common/network
github.com/sagernet/sing/common/abx
github.com/sagernet/sing/common/shell
github.com/sagernet/sing-box/schema
github.com/database64128/tfo-go/v2
github.com/sagernet/sing/common/control
github.com/sagernet/sing/common/pipe
github.com/sagernet/sing/common/bufio
github.com/sagernet/sing-box/common/redir
github.com/sagernet/gvisor/pkg/tcpip/header/parse
github.com/sagernet/gvisor/pkg/tcpip/transport/internal/network
github.com/sagernet/gvisor/pkg/tcpip/transport/internal/noop
github.com/sagernet/gvisor/pkg/tcpip/transport/packet
github.com/sagernet/gvisor/pkg/tcpip/link/channel
github.com/sagernet/gvisor/pkg/tcpip/stack/gro
github.com/sagernet/gvisor/pkg/tcpip/network/internal/fragmentation
github.com/sagernet/gvisor/pkg/tcpip/transport/raw
github.com/sagernet/gvisor/pkg/tcpip/link/fdbased
github.com/sagernet/gvisor/pkg/tcpip/network/internal/ip
github.com/sagernet/gvisor/pkg/tcpip/transport/tcp
github.com/sagernet/gvisor/pkg/tcpip/transport/udp
github.com/sagernet/sing-box/common/tlsspoof
github.com/sagernet/sing/common/varbin
github.com/sagernet/sing/common/uot
github.com/sagernet/sing/common/rw
github.com/sagernet/sing/common/domain
github.com/sagernet/sing-box/constant
github.com/sagernet/sing/service/filemanager
github.com/sagernet/gvisor/pkg/tcpip/network/internal/multicast
github.com/sagernet/sing-box/option
github.com/sagernet/gvisor/pkg/tcpip/transport/icmp
github.com/sagernet/gvisor/pkg/tcpip/network/ipv4
github.com/sagernet/gvisor/pkg/tcpip/network/ipv6
github.com/sagernet/sing/common/canceler
os/user
github.com/godbus/dbus/v5
github.com/sagernet/gvisor/pkg/tcpip/adapters/gonet
golang.org/x/mod/semver
github.com/sagernet/sing-box/common/badversion
github.com/sagernet/sing-tun
golang.org/x/text/internal/tag
golang.org/x/text/internal/language
golang.org/x/text/internal/language/compact
golang.org/x/text/language
github.com/sagernet/sing-box/experimental/locale
github.com/sagernet/sing-box/experimental/deprecated
text/tabwriter
github.com/sagernet/quic-go/quicvarint
runtime/pprof
github.com/sagernet/quic-go/internal/protocol
github.com/sagernet/quic-go/internal/monotime
github.com/sagernet/quic-go/monotime
github.com/sagernet/quic-go/congestion
github.com/sagernet/quic-go/internal/utils
github.com/sagernet/sing-box/log
github.com/sagernet/quic-go/internal/qerr
github.com/sagernet/quic-go/internal/wire
github.com/sagernet/sing-box/service/powerreport
github.com/sagernet/quic-go/qlogwriter/jsontext
github.com/sagernet/quic-go/qlogwriter
github.com/andybalholm/brotli/matchfinder
github.com/klauspost/compress/fse
github.com/andybalholm/brotli
github.com/sagernet/quic-go/qlog
github.com/klauspost/compress/huff0
github.com/sagernet/quic-go/internal/congestion
github.com/sagernet/quic-go/internal/ackhandler
github.com/klauspost/compress/internal/snapref
github.com/klauspost/compress/zstd/internal/xxhash
github.com/klauspost/compress/zstd
github.com/metacubex/utls/internal/boring
golang.org/x/crypto/cryptobyte
github.com/metacubex/utls/internal/helper
github.com/metacubex/utls/internal/hkdf
github.com/metacubex/utls/internal/hpke
golang.org/x/crypto/sha3
github.com/metacubex/utls/internal/mlkem
github.com/metacubex/utls/internal/quicvarint/protocol
github.com/metacubex/utls/internal/quicvarint
github.com/metacubex/utls/internal/ratelimit
github.com/metacubex/utls/internal/tls12
github.com/metacubex/utls/internal/tls13
github.com/sagernet/quic-go/internal/utils/linkedlist
github.com/sagernet/quic-go/internal/utils/tree
golang.org/x/net/http2/hpack
github.com/sagernet/sing-box/adapter
golang.org/x/text/transform
golang.org/x/text/unicode/bidi
github.com/quic-go/qpack
golang.org/x/text/unicode/norm
golang.org/x/text/secure/bidirule
log/slog/internal/buffer
log/slog
golang.org/x/net/idna
github.com/metacubex/utls
github.com/sagernet/sing/common/tls
github.com/sagernet/sing-box/adapter/certificate
github.com/sagernet/sing-box/adapter/endpoint
github.com/sagernet/sing-box/adapter/inbound
github.com/sagernet/sing-box/adapter/outbound
github.com/sagernet/sing-box/adapter/service
github.com/sagernet/sing-box/common/certificate
github.com/sagernet/sing-box/common/settings
golang.org/x/net/http/httpguts
github.com/sagernet/sing-box/common/listener
embed
net/http/cookiejar
golang.org/x/net/publicsuffix
github.com/sagernet/sing-box/common/tlsfragment
github.com/sagernet/sing-box/common/compatible
github.com/sagernet/sing-box/common/ja3
github.com/sagernet/sing-box/common/sniff/internal/qtls
github.com/sagernet/sing/protocol/http
github.com/sagernet/sing-box/common/dialer
github.com/sagernet/sing-box/common/srs
github.com/sagernet/sing-box/common/sniff
github.com/sagernet/sing-box/experimental/clashmode
github.com/sagernet/sing/service/pause
hash/fnv
github.com/sagernet/sing/common/ntp
flag
github.com/sagernet/sing-box/route/rule
go.uber.org/multierr
go.uber.org/zap/internal/pool
go.uber.org/zap/buffer
go.uber.org/zap/internal/color
go.uber.org/zap/internal/bufferpool
go.uber.org/zap/internal/exit
golang.org/x/net/internal/httpcommon
go.uber.org/zap/zapcore
go.uber.org/zap/internal/stacktrace
golang.org/x/net/internal/httpsfv
golang.org/x/net/http2
github.com/sagernet/quic-go/internal/handshake
github.com/sagernet/sing-box/common/badtls
github.com/sagernet/sing-box/common/ktls
github.com/sagernet/quic-go
go.uber.org/zap/internal
go.uber.org/zap
github.com/sagernet/sing-box/common/netns
github.com/sagernet/sing-box/dns
database/sql/driver
github.com/sagernet/sing/common/cleanup
database/sql
github.com/sagernet/sing-box/common/urltest
github.com/sagernet/sing-box/experimental
github.com/sagernet/bbolt/errors
github.com/sagernet/bbolt/internal/common
github.com/sagernet/bbolt/internal/freelist
github.com/gofrs/uuid/v5
github.com/sagernet/bbolt
github.com/sagernet/sing-box/common/trafficcontrol
github.com/sagernet/quic-go/http3/qlog
github.com/sagernet/quic-go/http3
github.com/sagernet/sing-tun/ping
github.com/sagernet/sing-box/experimental/cachefile
github.com/sagernet/sing/common/udpnat2
github.com/jsimonetti/rtnetlink/internal/unix
github.com/jsimonetti/rtnetlink
github.com/sagernet/sing-box/common/tls
github.com/sagernet/sing-box/common/process
github.com/sagernet/sing-box/protocol/direct
github.com/sagernet/sing-box/protocol/dns
github.com/hashicorp/yamux
github.com/sagernet/sing/common/atomic
github.com/sagernet/sing/common/baderror
github.com/sagernet/smux
github.com/sagernet/sing/common/replay
github.com/sagernet/sing-vmess
github.com/sagernet/sing-mux
github.com/sagernet/sing/common/bufio/deadline
github.com/sagernet/sing-box/common/httpclient
github.com/sagernet/sing/common/winpowrprof
html
internal/profile
runtime/trace
github.com/sagernet/sing-quic
github.com/sagernet/sing-box/common/stun
net/http/pprof
github.com/sagernet/sing-box/route
github.com/sagernet/sing-box/common/networkquality
github.com/sagernet/sing-box/common/interrupt
github.com/sagernet/sing/common/batch
github.com/sagernet/sing-box/service/oomkiller
github.com/sagernet/sing-box/protocol/group
golang.org/x/crypto/blowfish
golang.org/x/net/internal/timeseries
golang.org/x/crypto/ssh/internal/bcrypt_pbkdf
text/template/parse
golang.org/x/crypto/ssh
google.golang.org/grpc/backoff
google.golang.org/grpc/grpclog/internal
google.golang.org/grpc/grpclog
google.golang.org/grpc/connectivity
google.golang.org/grpc/attributes
google.golang.org/grpc/internal/credentials
text/template
google.golang.org/grpc/internal/envconfig
google.golang.org/protobuf/internal/detrand
google.golang.org/protobuf/internal/errors
google.golang.org/protobuf/encoding/protowire
google.golang.org/protobuf/internal/pragma
google.golang.org/protobuf/reflect/protoreflect
html/template
google.golang.org/protobuf/internal/encoding/messageset
google.golang.org/protobuf/internal/genid
google.golang.org/protobuf/internal/order
golang.org/x/net/trace
golang.org/x/crypto/ssh/agent
go/token
google.golang.org/protobuf/internal/strs
google.golang.org/protobuf/reflect/protoregistry
github.com/sagernet/sing-box
google.golang.org/protobuf/runtime/protoiface
google.golang.org/grpc/internal
google.golang.org/grpc/balancer/pickfirst/internal
google.golang.org/grpc/internal/grpclog
google.golang.org/grpc/metadata
google.golang.org/protobuf/internal/encoding/json
google.golang.org/protobuf/proto
google.golang.org/grpc/stats
google.golang.org/grpc/experimental/stats
google.golang.org/protobuf/internal/descfmt
google.golang.org/protobuf/internal/descopts
google.golang.org/protobuf/internal/editiondefaults
google.golang.org/grpc/credentials
google.golang.org/protobuf/internal/encoding/text
google.golang.org/protobuf/internal/protolazy
google.golang.org/protobuf/internal/version
google.golang.org/grpc/internal/channelz
google.golang.org/grpc/resolver
google.golang.org/grpc/internal/balancer/weight
google.golang.org/protobuf/internal/encoding/defval
google.golang.org/protobuf/encoding/prototext
google.golang.org/protobuf/internal/filedesc
google.golang.org/grpc/channelz
google.golang.org/grpc/balancer
google.golang.org/grpc/balancer/base
google.golang.org/grpc/codes
google.golang.org/grpc/balancer/endpointsharding
google.golang.org/grpc/credentials/insecure
google.golang.org/grpc/internal/grpcutil
google.golang.org/grpc/mem
google.golang.org/grpc/internal/backoff
google.golang.org/grpc/internal/balancer/gracefulswitch
google.golang.org/grpc/encoding
google.golang.org/grpc/internal/balancerload
google.golang.org/grpc/internal/buffer
google.golang.org/grpc/internal/idle
google.golang.org/grpc/internal/grpcsync
google.golang.org/grpc/internal/metadata
google.golang.org/grpc/internal/serviceconfig
google.golang.org/protobuf/encoding/protojson
google.golang.org/protobuf/internal/encoding/tag
google.golang.org/grpc/internal/resolver
google.golang.org/grpc/internal/proxyattributes
google.golang.org/grpc/internal/stats
google.golang.org/grpc/internal/syscall
google.golang.org/protobuf/internal/impl
google.golang.org/grpc/internal/transport/networktype
google.golang.org/grpc/keepalive
google.golang.org/grpc/peer
google.golang.org/grpc/tap
net/http/httputil
google.golang.org/grpc/internal/resolver/passthrough
google.golang.org/grpc/internal/resolver/unix
google.golang.org/grpc/balancer/grpclb/state
google.golang.org/grpc/internal/resolver/dns/internal
google.golang.org/grpc/internal/resolver/dns
golang.org/x/sync/semaphore
google.golang.org/grpc/resolver/dns
github.com/sagernet/sing-box/dns/transport/hosts
github.com/sagernet/sing-box/dns/transport
github.com/sagernet/sing-box/dns/transport/local/systemconfig
github.com/sagernet/sing-box/experimental/libbox/internal/oomprofile
github.com/sagernet/sing-box/dns/transport/mdns
github.com/sagernet/sing-box/experimental/libbox/internal/procfs
github.com/sagernet/sing-box/experimental/libbox/internal/runtimeinfo
github.com/sagernet/sing-box/dns/transport/fakeip
github.com/sagernet/sing-box/service/resolved
github.com/sagernet/sing-box/dns/transport/quic
expvar
github.com/go-chi/chi/v5/middleware
github.com/ajg/form
github.com/sagernet/cors
google.golang.org/protobuf/internal/filetype
github.com/go-chi/render
github.com/gobwas/httphead
github.com/sagernet/sing-box/dns/transport/local
google.golang.org/protobuf/runtime/protoimpl
google.golang.org/protobuf/protoadapt
google.golang.org/protobuf/types/known/durationpb
google.golang.org/protobuf/types/known/timestamppb
google.golang.org/grpc/internal/pretty
google.golang.org/grpc/encoding/proto
google.golang.org/grpc/balancer/pickfirst
google.golang.org/grpc/binarylog/grpc_binarylog_v1
google.golang.org/protobuf/types/known/anypb
google.golang.org/genproto/googleapis/rpc/status
google.golang.org/protobuf/types/descriptorpb
google.golang.org/grpc/internal/status
google.golang.org/grpc/balancer/roundrobin
google.golang.org/protobuf/types/known/emptypb
google.golang.org/grpc/status
github.com/gobwas/pool
google.golang.org/grpc/internal/binarylog
google.golang.org/grpc/internal/transport
github.com/gobwas/pool/pbufio
github.com/sagernet/ws
github.com/gobwas/pool/pbytes
github.com/anytls/sing-anytls/util
google.golang.org/protobuf/internal/editionssupport
google.golang.org/protobuf/types/gofeaturespb
github.com/anytls/sing-anytls/padding
github.com/anytls/sing-anytls/pipe
google.golang.org/protobuf/reflect/protodesc
github.com/anytls/sing-anytls/skiplist
github.com/anytls/sing-anytls/session
github.com/sagernet/ws/wsutil
github.com/sagernet/sing-box/experimental/clashapi
github.com/anytls/sing-anytls
github.com/sagernet/sing-box/common/uot
github.com/sagernet/sing-box/protocol/block
github.com/sagernet/sing-box/protocol/anytls
google.golang.org/grpc/internal/resolver/delegatingresolver
github.com/sagernet/sing-box/protocol/bridge
google.golang.org/grpc
github.com/sagernet/sing-box/protocol/http
github.com/sagernet/sing-quic/congestion_meta1
github.com/sagernet/sing-quic/congestion_meta2
github.com/sagernet/sing/common/cache
github.com/sagernet/sing-quic/hysteria/congestion
github.com/sagernet/sing-quic/hysteria
github.com/sagernet/sing-quic/hysteria2/internal/protocol
github.com/sagernet/sing-quic/tuic
github.com/huin/goupnp/httpu
google.golang.org/grpc/health/grpc_health_v1
google.golang.org/grpc/reflection/grpc_reflection_v1
google.golang.org/grpc/health
google.golang.org/grpc/reflection/grpc_reflection_v1alpha
github.com/huin/goupnp/scpd
github.com/huin/goupnp/soap
github.com/huin/goupnp/ssdp
github.com/jackpal/go-nat-pmp
github.com/huin/goupnp
google.golang.org/grpc/reflection/internal
github.com/koron/go-ssdp/internal/ssdplog
github.com/koron/go-ssdp/internal/multicast
github.com/sagernet/sing-box/protocol/tuic
github.com/huin/goupnp/dcps/internetgateway1
github.com/huin/goupnp/dcps/internetgateway2
google.golang.org/grpc/reflection
github.com/sagernet/sing-box/daemon
github.com/koron/go-ssdp
github.com/google/gopacket/routing
github.com/sagernet/sing-quic/hysteria2/internal/stun
golang.org/x/sync/singleflight
github.com/libp2p/go-netroute
golang.org/x/crypto/blake2b
github.com/libp2p/go-nat
golang.org/x/net/http2/h2c
github.com/sagernet/sing-box/protocol/hysteria
github.com/sagernet/sing-quic/hysteria2/realm
github.com/sagernet/sing/protocol/socks/socks4
github.com/sagernet/sing/protocol/socks/socks5
github.com/sagernet/sing/protocol/socks
github.com/sagernet/sing-quic/hysteria2
github.com/sagernet/sing-box/protocol/mixed
github.com/sagernet/sing-box/transport/v2rayhttp
github.com/sagernet/sing-box/protocol/redirect
github.com/sagernet/sing-box/protocol/naive
github.com/sagernet/sing-box/protocol/hysteria2
github.com/sagernet/sing-box/protocol/naive/quic
github.com/sagernet/sing-box/common/mux
github.com/sagernet/sing/common/random
github.com/sagernet/sing-box/transport/simple-obfs
github.com/sagernet/sing-box/transport/v2raygrpclite
github.com/sagernet/sing-box/transport/v2rayhttpupgrade
github.com/sagernet/sing-box/transport/v2raywebsocket
github.com/sagernet/sing/common/udpnat
github.com/sagernet/sing-shadowsocks
github.com/sagernet/sing-box/transport/v2ray
github.com/sagernet/sing-shadowsocks/shadowaead
github.com/klauspost/cpuid/v2
github.com/sagernet/sing-box/transport/sip003
github.com/sagernet/sing-shadowsocks2/cipher
lukechampine.com/blake3/guts
github.com/sagernet/sing-shadowsocks2/internal/legacykey
github.com/sagernet/sing-shadowsocks2/internal/shadowio
github.com/sagernet/sing-shadowsocks2/shadowstream
github.com/sagernet/sing-shadowsocks2/shadowaead
lukechampine.com/blake3/bao
github.com/sagernet/sing-shadowtls
lukechampine.com/blake3
golang.org/x/crypto/argon2
github.com/sagernet/sing-shadowsocks/shadowaead_2022
github.com/sagernet/sing-shadowsocks2/shadowaead_2022
github.com/sagernet/sing-box/protocol/shadowtls
github.com/sagernet/sing-snell
github.com/sagernet/sing-shadowsocks2
github.com/sagernet/sing-box/protocol/socks
github.com/sagernet/sing-snell/internal/reuse
github.com/sagernet/sing-snell/snellv4
github.com/sagernet/sing-box/protocol/shadowsocks
github.com/sagernet/sing-snell/snellv5
github.com/sagernet/sing-snell/snellv6
github.com/sagernet/sing-box/protocol/ssh
github.com/cretz/bine/torutil/ed25519/internal/edwards25519
golang.org/x/crypto/ed25519
golang.org/x/net/internal/socks
golang.org/x/net/proxy
github.com/cretz/bine/torutil/ed25519
github.com/cretz/bine/torutil
github.com/sagernet/sing-box/common/proxybridge
github.com/sagernet/sing-box/protocol/snell
github.com/sagernet/sing-box/transport/trojan
github.com/cretz/bine/control
github.com/cretz/bine/process
github.com/sagernet/sing-box/protocol/tun
github.com/sagernet/sing-box/protocol/trojan
github.com/cretz/bine/tor
github.com/sagernet/sing-box/protocol/tor
github.com/sagernet/sing-vmess/packetaddr
github.com/sagernet/sing-vmess/vless
github.com/coder/websocket/internal/errd
github.com/coder/websocket
github.com/sagernet/sing-box/protocol/vmess
github.com/caddyserver/certmagic/internal/atomicfile
github.com/caddyserver/zerossl
github.com/sagernet/sing-box/protocol/vless
github.com/libdns/libdns
github.com/mholt/acmez/v3/acme
github.com/sagernet/sing-box/service/api
github.com/zeebo/blake3/internal/consts
github.com/zeebo/blake3/internal/alg/compress/compress_pure
github.com/zeebo/blake3/internal/utils
github.com/mholt/acmez/v3
go.uber.org/zap/exp/zapslog
github.com/zeebo/blake3/internal/alg/compress/compress_sse41
github.com/zeebo/blake3/internal/alg/compress
github.com/zeebo/blake3/internal/alg/hash/hash_pure
golang.org/x/crypto/ocsp
github.com/zeebo/blake3/internal/alg/hash/hash_avx2
github.com/zeebo/blake3/internal/alg/hash
github.com/zeebo/blake3/internal/alg
github.com/zeebo/blake3
github.com/sagernet/sing-box/service/ssmapi
github.com/sagernet/sing-box/transport/v2rayquic
github.com/caddyserver/certmagic
github.com/creack/pty
github.com/kr/fs
github.com/pkg/sftp/internal/encoding/ssh/filexfer
github.com/pkg/sftp/internal/encoding/ssh/filexfer/openssh
github.com/pkg/sftp
github.com/anmitsu/go-shlex
github.com/sagernet/gliderssh
github.com/sagernet/sing-box/service/origin_ca
github.com/sagernet/tailscale/internal/godown/std/reflect
github.com/sagernet/tailscale/syncs
github.com/sagernet/tailscale/internal/godown/github.com/go-json-experiment/json/internal
github.com/sagernet/tailscale/internal/godown/github.com/go-json-experiment/json/internal/jsonflags
hash/maphash
github.com/sagernet/tailscale/internal/godown/github.com/go-json-experiment/json/internal/jsonopts
github.com/sagernet/tailscale/internal/godown/github.com/go-json-experiment/json/internal/jsonwire
go4.org/mem
github.com/sagernet/sing-box/include
github.com/sagernet/tailscale/internal/godown/github.com/go-json-experiment/json/jsontext
github.com/sagernet/tailscale/util/vizerror
github.com/sagernet/tailscale/types/ipproto
github.com/sagernet/tailscale/util/bufiox
github.com/sagernet/tailscale/types/lazy
github.com/sagernet/tailscale/util/testenv
golang.org/x/crypto/nacl/secretbox
github.com/sagernet/tailscale/util/dnsname
golang.org/x/crypto/nacl/box
github.com/sagernet/tailscale/util/slicesx
github.com/sagernet/tailscale
github.com/sagernet/tailscale/kube/kubetypes
github.com/sagernet/tailscale/util/lineiter
github.com/sagernet/tailscale/tsconst
github.com/sagernet/tailscale/tstime
github.com/sagernet/tailscale/version/distro
github.com/sagernet/tailscale/util/cibuild
github.com/sagernet/tailscale/util/ctxkey
github.com/sagernet/tailscale/util/dirwalk
github.com/sagernet/tailscale/net/dns/publicdns
github.com/sagernet/tailscale/internal/godown/github.com/go-json-experiment/json
github.com/sagernet/tailscale/metrics
github.com/sagernet/tailscale/net/dns/resolvconffile
github.com/sagernet/tailscale/net/netx
github.com/sagernet/tailscale/util/cloudenv
github.com/sagernet/tailscale/util/singleflight
golang.org/x/net/dns/dnsmessage
github.com/sagernet/tailscale/net/netaddr
github.com/sagernet/tailscale/net/neterror
github.com/gaissmai/bart/internal/value
github.com/gaissmai/bart/internal/nodes
github.com/gaissmai/bart
github.com/sagernet/tailscale/net/netknob
github.com/sagernet/tailscale/types/nettype
github.com/sagernet/tailscale/util/race
github.com/sagernet/tailscale/util/hashx
github.com/sagernet/tailscale/feature/serviceclientprefs/serviceclient
github.com/sagernet/tailscale/atomicfile
github.com/x448/float16
filippo.io/edwards25519/field
github.com/fxamacker/cbor/v2
filippo.io/edwards25519
golang.org/x/crypto/blake2s
github.com/hdevalence/ed25519consensus
github.com/sagernet/tailscale/types/preftype
github.com/sagernet/tailscale/internal/godown/std/net/netip
github.com/sagernet/tailscale/net/routecheck/peernode
github.com/sagernet/tailscale/net/udprelay/status
github.com/sagernet/tailscale/net/bakedroots
github.com/sagernet/tailscale/net/tlsdial/blockblame
github.com/sagernet/tailscale/types/views
github.com/sagernet/tailscale/internal/godown/github.com/go-json-experiment/json/v1
github.com/sagernet/tailscale/types/opt
github.com/sagernet/tailscale/types/dnstype
github.com/sagernet/tailscale/util/set
github.com/sagernet/tailscale/types/key
github.com/sagernet/tailscale/net/tsaddr
github.com/sagernet/tailscale/util/clientmetric
github.com/sagernet/tailscale/util/deephash
github.com/sagernet/tailscale/types/logid
github.com/sagernet/tailscale/util/zstdframe
github.com/sagernet/tailscale/util/execqueue
github.com/sagernet/tailscale/net/flowtrack
github.com/sagernet/tailscale/net/ipset
github.com/sagernet/tailscale/tailcfg
github.com/sagernet/tailscale/control/controlbase
github.com/sagernet/tailscale/types/events
github.com/sagernet/tailscale/net/packet
github.com/sagernet/tailscale/tstime/mono
github.com/sagernet/tailscale/util/groupmember
github.com/sagernet/tailscale/tstime/rate
github.com/sagernet/tailscale/util/winutil
github.com/tailscale/peercred
github.com/sagernet/tailscale/omit
github.com/sagernet/tailscale/net/packet/checksum
github.com/sagernet/tailscale/types/netlogfunc
github.com/sagernet/tailscale/wgengine/netstack/gro
github.com/sagernet/wireguard-go/conn
github.com/sagernet/wireguard-go/rwcancel
github.com/sagernet/wireguard-go/ratelimiter
github.com/sagernet/wireguard-go/tai64n
golang.org/x/crypto/poly1305
github.com/sagernet/tailscale/proxymap
github.com/sagernet/wireguard-go/ipc
github.com/sagernet/wireguard-go/tun
github.com/sagernet/tailscale/feature/condlite/expvar
golang.org/x/net/icmp
github.com/sagernet/tailscale/net/stun
github.com/sagernet/tailscale/net/sockopts
github.com/sagernet/tailscale/net/udprelay/endpoint
github.com/sagernet/wireguard-go/device
github.com/sagernet/tailscale/tempfork/heap
github.com/sagernet/tailscale/util/rands
github.com/sagernet/tailscale/util/ringlog
github.com/pires/go-proxyproto
github.com/sagernet/tailscale/envknob/featureknob
github.com/sagernet/tailscale/logtail/filch
golang.org/x/term
github.com/sagernet/tailscale/util/goroutines
github.com/sagernet/tailscale/util/osuser
github.com/sagernet/tailscale/tempfork/acme
github.com/sagernet/tailscale/tempfork/httprec
github.com/sagernet/tailscale/control/controlknobs
github.com/sagernet/tailscale/version
github.com/sagernet/tailscale/types/persist
github.com/sagernet/tailscale/client/tailscale/apitype
github.com/sagernet/tailscale/wgengine/filter/filtertype
github.com/sagernet/tailscale/net/traffic
github.com/sagernet/tailscale/envknob
github.com/sagernet/tailscale/util/syspolicy/internal
github.com/sagernet/tailscale/util/syspolicy/setting
github.com/sagernet/tailscale/types/logger
github.com/sagernet/tailscale/util/eventbus
github.com/sagernet/tailscale/tsweb/varz
github.com/sagernet/tailscale/feature
github.com/sagernet/tailscale/net/dnscache
github.com/sagernet/tailscale/hostinfo
github.com/sagernet/tailscale/util/syspolicy/policyclient
github.com/sagernet/tailscale/util/usermetric
github.com/sagernet/tailscale/drive
github.com/sagernet/tailscale/tka
github.com/sagernet/tailscale/paths
github.com/sagernet/tailscale/net/netmon
github.com/sagernet/tailscale/safesocket
github.com/sagernet/tailscale/health
github.com/sagernet/tailscale/types/appctype
github.com/sagernet/tailscale/util/backoff
github.com/sagernet/tailscale/wgengine/filter
github.com/sagernet/tailscale/ipn/ipnstate
github.com/sagernet/tailscale/types/netmap
github.com/sagernet/tailscale/disco
github.com/sagernet/tailscale/net/sockstats
github.com/sagernet/tailscale/net/netns
github.com/sagernet/tailscale/net/netutil
github.com/sagernet/tailscale/sessionrecording
github.com/sagernet/tailscale/net/tsdial
github.com/sagernet/tailscale/net/tlsdial
github.com/sagernet/tailscale/logtail
github.com/sagernet/tailscale/ipn
github.com/sagernet/tailscale/net/routecheck
github.com/sagernet/tailscale/control/controlhttp
github.com/sagernet/tailscale/net/dns/resolver
github.com/sagernet/tailscale/net/routemanager
github.com/sagernet/tailscale/control/ts2021
github.com/sagernet/tailscale/client/local
github.com/sagernet/tailscale/net/dns
github.com/sagernet/tailscale/control/controlclient
github.com/sagernet/tailscale/ipn/ipnauth
github.com/sagernet/tailscale/ipn/conffile
github.com/sagernet/tailscale/wgengine/wgcfg
github.com/sagernet/tailscale/net/tstun
github.com/sagernet/tailscale/derp
github.com/sagernet/tailscale/derp/derphttp
github.com/sagernet/tailscale/net/batching
github.com/sagernet/tailscale/net/ping
github.com/sagernet/tailscale/net/portmapper/portmappertype
github.com/sagernet/tailscale/util/cloudinfo
github.com/sagernet/tailscale/net/netcheck
github.com/sagernet/tailscale/wgengine/router
github.com/sagernet/tailscale/wgengine/wgint
github.com/sagernet/tailscale/wgengine/wglog
github.com/sagernet/tailscale/ipn/ipnlocal/netmapcache
github.com/sagernet/tailscale/ipn/store/mem
github.com/sagernet/tailscale/log/filelogger
github.com/sagernet/tailscale/logpolicy
github.com/sagernet/tailscale/net/dnsfallback
github.com/sagernet/tailscale/wgengine/magicsock
github.com/sagernet/tailscale/ipn/store
github.com/sagernet/tailscale/tsweb
github.com/sagernet/tailscale/feature/c2n
github.com/sagernet/tailscale/types/netlogtype
github.com/sagernet/tailscale/log/sockstatlog
github.com/sagernet/tailscale/wgengine/netlog
github.com/sagernet/tailscale/client/tailscale
golang.org/x/oauth2/internal
golang.org/x/oauth2
golang.org/x/oauth2/clientcredentials
github.com/sagernet/tailscale/wgengine/router/osrouter
github.com/sagernet/tailscale/feature/condregister/osrouter
github.com/sagernet/tailscale/net/portmapper
golang.org/x/net/http/httpproxy
github.com/sagernet/tailscale/net/tshttpproxy
github.com/sagernet/tailscale/internal/client/tailscale
github.com/sagernet/tailscale/feature/useproxy
github.com/sagernet/tailscale/feature/condregister/useproxy
github.com/sagernet/tailscale/util/def
github.com/sagernet/tailscale/feature/oauthkey
github.com/sagernet/tailscale/util/syspolicy/internal/loggerx
github.com/sagernet/tailscale/feature/condregister/oauthkey
github.com/sagernet/tailscale/net/memnet
github.com/sagernet/tailscale/util/syspolicy/internal/metrics
github.com/sagernet/tailscale/net/proxymux
github.com/sagernet/tailscale/net/socks5
github.com/sagernet/tailscale/feature/portmapper
os/signal
github.com/sagernet/tailscale/util/syspolicy/source
github.com/sagernet/tailscale/feature/condregister/portmapper
github.com/sagernet/tailscale/wgengine
github.com/sagernet/tailscale/util/syspolicy/rsop
github.com/sagernet/tailscale/tsd
github.com/sagernet/tailscale/feature/netlog
github.com/sagernet/tailscale/feature/condregister/netlog
github.com/sagernet/tailscale/ipn/ipnext
github.com/sagernet/tailscale/appc
github.com/sagernet/tailscale/ipn/ipnlocal
github.com/sagernet/tailscale/feature/acme
github.com/sagernet/tailscale/wgengine/netstack
github.com/sagernet/tailscale/ipn/localapi
github.com/sagernet/tailscale/tsnet
github.com/sagernet/sing-box/protocol/tailscale/tailssh
github.com/sagernet/sing-box/experimental/libbox
github.com/sagernet/sing-box/build/arm64/libbox
aar: AndroidManifest.xml
aar: proguard.txt
aar: classes.jar
jar: META-INF/MANIFEST.MF
jar: go/Seq$GoObject.class
jar: go/Seq$GoRef.class
jar: go/Seq$GoRefQueue$1.class
jar: go/Seq$GoRefQueue.class
jar: go/Seq$Proxy.class
jar: go/Seq$Ref.class
jar: go/Seq$RefMap.class
jar: go/Seq$RefTracker.class
jar: go/Seq.class
jar: go/Universe$proxyerror.class
jar: go/Universe.class
jar: go/error.class
jar: io/nekohasekai/libbox/AndroidVPNType.class
jar: io/nekohasekai/libbox/BridgeOptions.class
jar: io/nekohasekai/libbox/BridgeSession.class
jar: io/nekohasekai/libbox/CommandClient.class
jar: io/nekohasekai/libbox/CommandClientHandler.class
jar: io/nekohasekai/libbox/CommandClientOptions.class
jar: io/nekohasekai/libbox/CommandServer.class
jar: io/nekohasekai/libbox/CommandServerHandler.class
jar: io/nekohasekai/libbox/Connection.class
jar: io/nekohasekai/libbox/ConnectionEvent.class
jar: io/nekohasekai/libbox/ConnectionEventIterator.class
jar: io/nekohasekai/libbox/ConnectionEvents.class
jar: io/nekohasekai/libbox/ConnectionIterator.class
jar: io/nekohasekai/libbox/ConnectionOwner.class
jar: io/nekohasekai/libbox/Connections.class
jar: io/nekohasekai/libbox/DeprecatedNote.class
jar: io/nekohasekai/libbox/DeprecatedNoteIterator.class
jar: io/nekohasekai/libbox/ErrorMessage.class
jar: io/nekohasekai/libbox/ExchangeContext.class
jar: io/nekohasekai/libbox/FDroidMirror.class
jar: io/nekohasekai/libbox/FDroidMirrorIterator.class
jar: io/nekohasekai/libbox/FDroidPingResult.class
jar: io/nekohasekai/libbox/FDroidPingResultIterator.class
jar: io/nekohasekai/libbox/FDroidUpdateInfo.class
jar: io/nekohasekai/libbox/Func.class
jar: io/nekohasekai/libbox/HTTPClient.class
jar: io/nekohasekai/libbox/HTTPRequest.class
jar: io/nekohasekai/libbox/HTTPResponse.class
jar: io/nekohasekai/libbox/HTTPResponseWriteToProgressHandler.class
jar: io/nekohasekai/libbox/ImportRemoteProfile.class
jar: io/nekohasekai/libbox/Int32Iterator.class
jar: io/nekohasekai/libbox/InterfaceUpdateListener.class
jar: io/nekohasekai/libbox/Libbox$proxyBridgeSession.class
jar: io/nekohasekai/libbox/Libbox$proxyCommandClientHandler.class
jar: io/nekohasekai/libbox/Libbox$proxyCommandServerHandler.class
jar: io/nekohasekai/libbox/Libbox$proxyConnectionEventIterator.class
jar: io/nekohasekai/libbox/Libbox$proxyConnectionIterator.class
jar: io/nekohasekai/libbox/Libbox$proxyDeprecatedNoteIterator.class
jar: io/nekohasekai/libbox/Libbox$proxyFDroidMirrorIterator.class
jar: io/nekohasekai/libbox/Libbox$proxyFDroidPingResultIterator.class
jar: io/nekohasekai/libbox/Libbox$proxyFunc.class
jar: io/nekohasekai/libbox/Libbox$proxyHTTPClient.class
jar: io/nekohasekai/libbox/Libbox$proxyHTTPRequest.class
jar: io/nekohasekai/libbox/Libbox$proxyHTTPResponse.class
jar: io/nekohasekai/libbox/Libbox$proxyHTTPResponseWriteToProgressHandler.class
jar: io/nekohasekai/libbox/Libbox$proxyInt32Iterator.class
jar: io/nekohasekai/libbox/Libbox$proxyInterfaceUpdateListener.class
jar: io/nekohasekai/libbox/Libbox$proxyLocalDNSTransport.class
jar: io/nekohasekai/libbox/Libbox$proxyLogIterator.class
jar: io/nekohasekai/libbox/Libbox$proxyNeighborEntryIterator.class
jar: io/nekohasekai/libbox/Libbox$proxyNeighborUpdateListener.class
jar: io/nekohasekai/libbox/Libbox$proxyNetworkInterfaceIterator.class
jar: io/nekohasekai/libbox/Libbox$proxyNetworkQualityTestHandler.class
jar: io/nekohasekai/libbox/Libbox$proxyOnDemandRule.class
jar: io/nekohasekai/libbox/Libbox$proxyOnDemandRuleIterator.class
jar: io/nekohasekai/libbox/Libbox$proxyOpenConnectAuthFormChoiceIterator.class
jar: io/nekohasekai/libbox/Libbox$proxyOpenConnectAuthFormFieldIterator.class
jar: io/nekohasekai/libbox/Libbox$proxyOpenConnectEndpointStatusIterator.class
jar: io/nekohasekai/libbox/Libbox$proxyOpenConnectStatusHandler.class
jar: io/nekohasekai/libbox/Libbox$proxyOpenVPNEndpointStatusIterator.class
jar: io/nekohasekai/libbox/Libbox$proxyOpenVPNStatusHandler.class
jar: io/nekohasekai/libbox/Libbox$proxyOutboundGroupItemIterator.class
jar: io/nekohasekai/libbox/Libbox$proxyOutboundGroupIterator.class
jar: io/nekohasekai/libbox/Libbox$proxyPlatformInterface.class
jar: io/nekohasekai/libbox/Libbox$proxyProfilePreviewIterator.class
jar: io/nekohasekai/libbox/Libbox$proxyRoutePrefixIterator.class
jar: io/nekohasekai/libbox/Libbox$proxySTUNTestHandler.class
jar: io/nekohasekai/libbox/Libbox$proxyShellSession.class
jar: io/nekohasekai/libbox/Libbox$proxyStringIterator.class
jar: io/nekohasekai/libbox/Libbox$proxyTaildropDownloadHandler.class
jar: io/nekohasekai/libbox/Libbox$proxyTaildropFileIterator.class
jar: io/nekohasekai/libbox/Libbox$proxyTaildropInboxHandler.class
jar: io/nekohasekai/libbox/Libbox$proxyTaildropReceivingFileIterator.class
jar: io/nekohasekai/libbox/Libbox$proxyTaildropSendHandler.class
jar: io/nekohasekai/libbox/Libbox$proxyTailscaleEndpointStatusIterator.class
jar: io/nekohasekai/libbox/Libbox$proxyTailscalePeerIterator.class
jar: io/nekohasekai/libbox/Libbox$proxyTailscalePingHandler.class
jar: io/nekohasekai/libbox/Libbox$proxyTailscaleSSHHandler.class
jar: io/nekohasekai/libbox/Libbox$proxyTailscaleStatusHandler.class
jar: io/nekohasekai/libbox/Libbox$proxyTailscaleUserGroupIterator.class
jar: io/nekohasekai/libbox/Libbox$proxyTunOptions.class
jar: io/nekohasekai/libbox/Libbox$proxyUSBIPServerStatusHandler.class
jar: io/nekohasekai/libbox/Libbox$proxyUSBIPServerStatusIterator.class
jar: io/nekohasekai/libbox/Libbox$proxyUSBLocalDeviceInfoIterator.class
jar: io/nekohasekai/libbox/Libbox$proxyUSBLocalProviderHandler.class
jar: io/nekohasekai/libbox/Libbox$proxyUSBProviderHandler.class
jar: io/nekohasekai/libbox/Libbox$proxyUSBSharedDeviceInterfaceIterator.class
jar: io/nekohasekai/libbox/Libbox$proxyUSBSharedDeviceIterator.class
jar: io/nekohasekai/libbox/Libbox$proxyXPCDialer.class
jar: io/nekohasekai/libbox/Libbox.class
jar: io/nekohasekai/libbox/LocalDNSTransport.class
jar: io/nekohasekai/libbox/LogEntry.class
jar: io/nekohasekai/libbox/LogIterator.class
jar: io/nekohasekai/libbox/NeighborEntry.class
jar: io/nekohasekai/libbox/NeighborEntryIterator.class
jar: io/nekohasekai/libbox/NeighborSubscription.class
jar: io/nekohasekai/libbox/NeighborUpdateListener.class
jar: io/nekohasekai/libbox/NetworkInterface.class
jar: io/nekohasekai/libbox/NetworkInterfaceIterator.class
jar: io/nekohasekai/libbox/NetworkQualityProgress.class
jar: io/nekohasekai/libbox/NetworkQualityResult.class
jar: io/nekohasekai/libbox/NetworkQualityTest.class
jar: io/nekohasekai/libbox/NetworkQualityTestHandler.class
jar: io/nekohasekai/libbox/NetworkQualityTestSession.class
jar: io/nekohasekai/libbox/Notification.class
jar: io/nekohasekai/libbox/OnDemandRule.class
jar: io/nekohasekai/libbox/OnDemandRuleIterator.class
jar: io/nekohasekai/libbox/OpenConnectAuthChallenge.class
jar: io/nekohasekai/libbox/OpenConnectAuthForm.class
jar: io/nekohasekai/libbox/OpenConnectAuthFormChoice.class
jar: io/nekohasekai/libbox/OpenConnectAuthFormChoiceIterator.class
jar: io/nekohasekai/libbox/OpenConnectAuthFormField.class
jar: io/nekohasekai/libbox/OpenConnectAuthFormFieldIterator.class
jar: io/nekohasekai/libbox/OpenConnectAuthResponse.class
jar: io/nekohasekai/libbox/OpenConnectBrowserRequest.class
jar: io/nekohasekai/libbox/OpenConnectBrowserResult.class
jar: io/nekohasekai/libbox/OpenConnectEndpointStatus.class
jar: io/nekohasekai/libbox/OpenConnectEndpointStatusIterator.class
jar: io/nekohasekai/libbox/OpenConnectFormValues.class
jar: io/nekohasekai/libbox/OpenConnectStatusHandler.class
jar: io/nekohasekai/libbox/OpenConnectStatusSubscription.class
jar: io/nekohasekai/libbox/OpenConnectStatusUpdate.class
jar: io/nekohasekai/libbox/OpenConnectTunnelInfo.class
jar: io/nekohasekai/libbox/OpenVPNChallenge.class
jar: io/nekohasekai/libbox/OpenVPNChallengeResponse.class
jar: io/nekohasekai/libbox/OpenVPNEndpointStatus.class
jar: io/nekohasekai/libbox/OpenVPNEndpointStatusIterator.class
jar: io/nekohasekai/libbox/OpenVPNStatusHandler.class
jar: io/nekohasekai/libbox/OpenVPNStatusSubscription.class
jar: io/nekohasekai/libbox/OpenVPNStatusUpdate.class
jar: io/nekohasekai/libbox/OpenVPNTunnelInfo.class
jar: io/nekohasekai/libbox/OutboundGroup.class
jar: io/nekohasekai/libbox/OutboundGroupItem.class
jar: io/nekohasekai/libbox/OutboundGroupItemIterator.class
jar: io/nekohasekai/libbox/OutboundGroupIterator.class
jar: io/nekohasekai/libbox/OverrideOptions.class
jar: io/nekohasekai/libbox/PProfServer.class
jar: io/nekohasekai/libbox/PlatformInterface.class
jar: io/nekohasekai/libbox/PlatformUser.class
jar: io/nekohasekai/libbox/ProcessInfo.class
jar: io/nekohasekai/libbox/ProfileContent.class
jar: io/nekohasekai/libbox/ProfileContentRequest.class
jar: io/nekohasekai/libbox/ProfileDecoder.class
jar: io/nekohasekai/libbox/ProfileEncoder.class
jar: io/nekohasekai/libbox/ProfilePreview.class
jar: io/nekohasekai/libbox/ProfilePreviewIterator.class
jar: io/nekohasekai/libbox/RemoteConnectionOptions.class
jar: io/nekohasekai/libbox/RoutePrefix.class
jar: io/nekohasekai/libbox/RoutePrefixIterator.class
jar: io/nekohasekai/libbox/STUNTest.class
jar: io/nekohasekai/libbox/STUNTestHandler.class
jar: io/nekohasekai/libbox/STUNTestProgress.class
jar: io/nekohasekai/libbox/STUNTestResult.class
jar: io/nekohasekai/libbox/STUNTestSession.class
jar: io/nekohasekai/libbox/SetupOptions.class
jar: io/nekohasekai/libbox/ShellSession.class
jar: io/nekohasekai/libbox/StatusMessage.class
jar: io/nekohasekai/libbox/StringBox.class
jar: io/nekohasekai/libbox/StringIterator.class
jar: io/nekohasekai/libbox/SystemProxyStatus.class
jar: io/nekohasekai/libbox/TaildropDownloadHandler.class
jar: io/nekohasekai/libbox/TaildropDownloadSession.class
jar: io/nekohasekai/libbox/TaildropFile.class
jar: io/nekohasekai/libbox/TaildropFileIterator.class
jar: io/nekohasekai/libbox/TaildropInbox.class
jar: io/nekohasekai/libbox/TaildropInboxHandler.class
jar: io/nekohasekai/libbox/TaildropInboxSubscription.class
jar: io/nekohasekai/libbox/TaildropReceivingFile.class
jar: io/nekohasekai/libbox/TaildropReceivingFileIterator.class
jar: io/nekohasekai/libbox/TaildropSendHandler.class
jar: io/nekohasekai/libbox/TaildropSendOptions.class
jar: io/nekohasekai/libbox/TaildropSendSession.class
jar: io/nekohasekai/libbox/TailscaleEndpointStatus.class
jar: io/nekohasekai/libbox/TailscaleEndpointStatusIterator.class
jar: io/nekohasekai/libbox/TailscalePeer.class
jar: io/nekohasekai/libbox/TailscalePeerIterator.class
jar: io/nekohasekai/libbox/TailscalePingHandler.class
jar: io/nekohasekai/libbox/TailscalePingResult.class
jar: io/nekohasekai/libbox/TailscalePingSession.class
jar: io/nekohasekai/libbox/TailscaleSSHHandler.class
jar: io/nekohasekai/libbox/TailscaleSSHOptions.class
jar: io/nekohasekai/libbox/TailscaleSSHSession.class
jar: io/nekohasekai/libbox/TailscaleStatusHandler.class
jar: io/nekohasekai/libbox/TailscaleStatusSubscription.class
jar: io/nekohasekai/libbox/TailscaleStatusUpdate.class
jar: io/nekohasekai/libbox/TailscaleUserGroup.class
jar: io/nekohasekai/libbox/TailscaleUserGroupIterator.class
jar: io/nekohasekai/libbox/TunOptions.class
jar: io/nekohasekai/libbox/USBDeviceDescriptor.class
jar: io/nekohasekai/libbox/USBIPServerStatus.class
jar: io/nekohasekai/libbox/USBIPServerStatusHandler.class
jar: io/nekohasekai/libbox/USBIPServerStatusIterator.class
jar: io/nekohasekai/libbox/USBIPServerStatusSubscription.class
jar: io/nekohasekai/libbox/USBIPServerStatusUpdate.class
jar: io/nekohasekai/libbox/USBIsoPacket.class
jar: io/nekohasekai/libbox/USBLocalDeviceInfo.class
jar: io/nekohasekai/libbox/USBLocalDeviceInfoIterator.class
jar: io/nekohasekai/libbox/USBLocalProvidedDevice.class
jar: io/nekohasekai/libbox/USBLocalProviderHandler.class
jar: io/nekohasekai/libbox/USBLocalProviderManager.class
jar: io/nekohasekai/libbox/USBProviderHandler.class
jar: io/nekohasekai/libbox/USBProviderSession.class
jar: io/nekohasekai/libbox/USBSharedDevice.class
jar: io/nekohasekai/libbox/USBSharedDeviceInterface.class
jar: io/nekohasekai/libbox/USBSharedDeviceInterfaceIterator.class
jar: io/nekohasekai/libbox/USBSharedDeviceIterator.class
jar: io/nekohasekai/libbox/USBURBRequest.class
jar: io/nekohasekai/libbox/USBURBResponse.class
jar: io/nekohasekai/libbox/WIFIState.class
jar: io/nekohasekai/libbox/XPCDialer.class
aar: jni/arm64-v8a/libbox.so
aar: R.txt
aar: res/
jar: META-INF/MANIFEST.MF
jar: go/Seq.java
jar: go/Universe.java
jar: go/error.java
jar: io/nekohasekai/libbox/AndroidVPNType.java
jar: io/nekohasekai/libbox/BridgeOptions.java
jar: io/nekohasekai/libbox/BridgeSession.java
jar: io/nekohasekai/libbox/CommandClient.java
jar: io/nekohasekai/libbox/CommandClientHandler.java
jar: io/nekohasekai/libbox/CommandClientOptions.java
jar: io/nekohasekai/libbox/CommandServer.java
jar: io/nekohasekai/libbox/CommandServerHandler.java
jar: io/nekohasekai/libbox/Connection.java
jar: io/nekohasekai/libbox/ConnectionEvent.java
jar: io/nekohasekai/libbox/ConnectionEventIterator.java
jar: io/nekohasekai/libbox/ConnectionEvents.java
jar: io/nekohasekai/libbox/ConnectionIterator.java
jar: io/nekohasekai/libbox/ConnectionOwner.java
jar: io/nekohasekai/libbox/Connections.java
jar: io/nekohasekai/libbox/DeprecatedNote.java
jar: io/nekohasekai/libbox/DeprecatedNoteIterator.java
jar: io/nekohasekai/libbox/ErrorMessage.java
jar: io/nekohasekai/libbox/ExchangeContext.java
jar: io/nekohasekai/libbox/FDroidMirror.java
jar: io/nekohasekai/libbox/FDroidMirrorIterator.java
jar: io/nekohasekai/libbox/FDroidPingResult.java
jar: io/nekohasekai/libbox/FDroidPingResultIterator.java
jar: io/nekohasekai/libbox/FDroidUpdateInfo.java
jar: io/nekohasekai/libbox/Func.java
jar: io/nekohasekai/libbox/HTTPClient.java
jar: io/nekohasekai/libbox/HTTPRequest.java
jar: io/nekohasekai/libbox/HTTPResponse.java
jar: io/nekohasekai/libbox/HTTPResponseWriteToProgressHandler.java
jar: io/nekohasekai/libbox/ImportRemoteProfile.java
jar: io/nekohasekai/libbox/Int32Iterator.java
jar: io/nekohasekai/libbox/InterfaceUpdateListener.java
jar: io/nekohasekai/libbox/Libbox.java
jar: io/nekohasekai/libbox/LocalDNSTransport.java
jar: io/nekohasekai/libbox/LogEntry.java
jar: io/nekohasekai/libbox/LogIterator.java
jar: io/nekohasekai/libbox/NeighborEntry.java
jar: io/nekohasekai/libbox/NeighborEntryIterator.java
jar: io/nekohasekai/libbox/NeighborSubscription.java
jar: io/nekohasekai/libbox/NeighborUpdateListener.java
jar: io/nekohasekai/libbox/NetworkInterface.java
jar: io/nekohasekai/libbox/NetworkInterfaceIterator.java
jar: io/nekohasekai/libbox/NetworkQualityProgress.java
jar: io/nekohasekai/libbox/NetworkQualityResult.java
jar: io/nekohasekai/libbox/NetworkQualityTest.java
jar: io/nekohasekai/libbox/NetworkQualityTestHandler.java
jar: io/nekohasekai/libbox/NetworkQualityTestSession.java
jar: io/nekohasekai/libbox/Notification.java
jar: io/nekohasekai/libbox/OnDemandRule.java
jar: io/nekohasekai/libbox/OnDemandRuleIterator.java
jar: io/nekohasekai/libbox/OpenConnectAuthChallenge.java
jar: io/nekohasekai/libbox/OpenConnectAuthForm.java
jar: io/nekohasekai/libbox/OpenConnectAuthFormChoice.java
jar: io/nekohasekai/libbox/OpenConnectAuthFormChoiceIterator.java
jar: io/nekohasekai/libbox/OpenConnectAuthFormField.java
jar: io/nekohasekai/libbox/OpenConnectAuthFormFieldIterator.java
jar: io/nekohasekai/libbox/OpenConnectAuthResponse.java
jar: io/nekohasekai/libbox/OpenConnectBrowserRequest.java
jar: io/nekohasekai/libbox/OpenConnectBrowserResult.java
jar: io/nekohasekai/libbox/OpenConnectEndpointStatus.java
jar: io/nekohasekai/libbox/OpenConnectEndpointStatusIterator.java
jar: io/nekohasekai/libbox/OpenConnectFormValues.java
jar: io/nekohasekai/libbox/OpenConnectStatusHandler.java
jar: io/nekohasekai/libbox/OpenConnectStatusSubscription.java
jar: io/nekohasekai/libbox/OpenConnectStatusUpdate.java
jar: io/nekohasekai/libbox/OpenConnectTunnelInfo.java
jar: io/nekohasekai/libbox/OpenVPNChallenge.java
jar: io/nekohasekai/libbox/OpenVPNChallengeResponse.java
jar: io/nekohasekai/libbox/OpenVPNEndpointStatus.java
jar: io/nekohasekai/libbox/OpenVPNEndpointStatusIterator.java
jar: io/nekohasekai/libbox/OpenVPNStatusHandler.java
jar: io/nekohasekai/libbox/OpenVPNStatusSubscription.java
jar: io/nekohasekai/libbox/OpenVPNStatusUpdate.java
jar: io/nekohasekai/libbox/OpenVPNTunnelInfo.java
jar: io/nekohasekai/libbox/OutboundGroup.java
jar: io/nekohasekai/libbox/OutboundGroupItem.java
jar: io/nekohasekai/libbox/OutboundGroupItemIterator.java
jar: io/nekohasekai/libbox/OutboundGroupIterator.java
jar: io/nekohasekai/libbox/OverrideOptions.java
jar: io/nekohasekai/libbox/PProfServer.java
jar: io/nekohasekai/libbox/PlatformInterface.java
jar: io/nekohasekai/libbox/PlatformUser.java
jar: io/nekohasekai/libbox/ProcessInfo.java
jar: io/nekohasekai/libbox/ProfileContent.java
jar: io/nekohasekai/libbox/ProfileContentRequest.java
jar: io/nekohasekai/libbox/ProfileDecoder.java
jar: io/nekohasekai/libbox/ProfileEncoder.java
jar: io/nekohasekai/libbox/ProfilePreview.java
jar: io/nekohasekai/libbox/ProfilePreviewIterator.java
jar: io/nekohasekai/libbox/RemoteConnectionOptions.java
jar: io/nekohasekai/libbox/RoutePrefix.java
jar: io/nekohasekai/libbox/RoutePrefixIterator.java
jar: io/nekohasekai/libbox/STUNTest.java
jar: io/nekohasekai/libbox/STUNTestHandler.java
jar: io/nekohasekai/libbox/STUNTestProgress.java
jar: io/nekohasekai/libbox/STUNTestResult.java
jar: io/nekohasekai/libbox/STUNTestSession.java
jar: io/nekohasekai/libbox/SetupOptions.java
jar: io/nekohasekai/libbox/ShellSession.java
jar: io/nekohasekai/libbox/StatusMessage.java
jar: io/nekohasekai/libbox/StringBox.java
jar: io/nekohasekai/libbox/StringIterator.java
jar: io/nekohasekai/libbox/SystemProxyStatus.java
jar: io/nekohasekai/libbox/TaildropDownloadHandler.java
jar: io/nekohasekai/libbox/TaildropDownloadSession.java
jar: io/nekohasekai/libbox/TaildropFile.java
jar: io/nekohasekai/libbox/TaildropFileIterator.java
jar: io/nekohasekai/libbox/TaildropInbox.java
jar: io/nekohasekai/libbox/TaildropInboxHandler.java
jar: io/nekohasekai/libbox/TaildropInboxSubscription.java
jar: io/nekohasekai/libbox/TaildropReceivingFile.java
jar: io/nekohasekai/libbox/TaildropReceivingFileIterator.java
jar: io/nekohasekai/libbox/TaildropSendHandler.java
jar: io/nekohasekai/libbox/TaildropSendOptions.java
jar: io/nekohasekai/libbox/TaildropSendSession.java
jar: io/nekohasekai/libbox/TailscaleEndpointStatus.java
jar: io/nekohasekai/libbox/TailscaleEndpointStatusIterator.java
jar: io/nekohasekai/libbox/TailscalePeer.java
jar: io/nekohasekai/libbox/TailscalePeerIterator.java
jar: io/nekohasekai/libbox/TailscalePingHandler.java
jar: io/nekohasekai/libbox/TailscalePingResult.java
jar: io/nekohasekai/libbox/TailscalePingSession.java
jar: io/nekohasekai/libbox/TailscaleSSHHandler.java
jar: io/nekohasekai/libbox/TailscaleSSHOptions.java
jar: io/nekohasekai/libbox/TailscaleSSHSession.java
jar: io/nekohasekai/libbox/TailscaleStatusHandler.java
jar: io/nekohasekai/libbox/TailscaleStatusSubscription.java
jar: io/nekohasekai/libbox/TailscaleStatusUpdate.java
jar: io/nekohasekai/libbox/TailscaleUserGroup.java
jar: io/nekohasekai/libbox/TailscaleUserGroupIterator.java
jar: io/nekohasekai/libbox/TunOptions.java
jar: io/nekohasekai/libbox/USBDeviceDescriptor.java
jar: io/nekohasekai/libbox/USBIPServerStatus.java
jar: io/nekohasekai/libbox/USBIPServerStatusHandler.java
jar: io/nekohasekai/libbox/USBIPServerStatusIterator.java
jar: io/nekohasekai/libbox/USBIPServerStatusSubscription.java
jar: io/nekohasekai/libbox/USBIPServerStatusUpdate.java
jar: io/nekohasekai/libbox/USBIsoPacket.java
jar: io/nekohasekai/libbox/USBLocalDeviceInfo.java
jar: io/nekohasekai/libbox/USBLocalDeviceInfoIterator.java
jar: io/nekohasekai/libbox/USBLocalProvidedDevice.java
jar: io/nekohasekai/libbox/USBLocalProviderHandler.java
jar: io/nekohasekai/libbox/USBLocalProviderManager.java
jar: io/nekohasekai/libbox/USBProviderHandler.java
jar: io/nekohasekai/libbox/USBProviderSession.java
jar: io/nekohasekai/libbox/USBSharedDevice.java
jar: io/nekohasekai/libbox/USBSharedDeviceInterface.java
jar: io/nekohasekai/libbox/USBSharedDeviceInterfaceIterator.java
jar: io/nekohasekai/libbox/USBSharedDeviceIterator.java
jar: io/nekohasekai/libbox/USBURBRequest.java
jar: io/nekohasekai/libbox/USBURBResponse.java
jar: io/nekohasekai/libbox/WIFIState.java
jar: io/nekohasekai/libbox/XPCDialer.java
total 83176
drwxr-xr-x 2 root root     4096 Sep 28 13:48 .
drwxr-xr-x 5 root root     4096 Sep 28 13:42 ..
-rw-r--r-- 1 root root 20271875 Sep 28 13:48 libbox.aar
-rwxr-xr-x 1 root root 64885798 Sep 28 13:45 sing-box-linux-amd64
== APK 0.0.43 (43)
Checking the license for package Android SDK Build-Tools 34 in /opt/android-sdk/licenses
License for package Android SDK Build-Tools 34 accepted.
Preparing "Install Android SDK Build-Tools 34 v.34.0.0".
"Install Android SDK Build-Tools 34 v.34.0.0" ready.
Installing Android SDK Build-Tools 34 in /opt/android-sdk/build-tools/34.0.0
"Install Android SDK Build-Tools 34 v.34.0.0" complete.
"Install Android SDK Build-Tools 34 v.34.0.0" finished.
-rw-r--r-- 1 root root 32354095 Sep 28 13:53 /root/build/noctilis-android-0.0.43.apk
== ГОТОВО
-rw-r--r-- 1 root root 32354095 Sep 28 13:53 /root/projects/techer-app/state/noctilis-android-0.0.43.apk
